[demo.themepixels.com/webpage/shamcey/dashboard.html]
[backblue.gif]
[fade.gif]
[index.html]
[demo.themepixels.com/webpage/shamcey/css/style.default.css]
[demo.themepixels.com/webpage/shamcey/css/responsive-tables.css]
[demo.themepixels.com/webpage/shamcey/js/jquery-1.9.1.min.js]
[demo.themepixels.com/webpage/shamcey/js/jquery-migrate-1.1.1.min.js]
[demo.themepixels.com/webpage/shamcey/js/jquery-ui-1.10.3.min.js]
[demo.themepixels.com/webpage/shamcey/js/modernizr.min.js]
[demo.themepixels.com/webpage/shamcey/js/bootstrap.min.js]
[demo.themepixels.com/webpage/shamcey/js/jquery.cookie.js]
[demo.themepixels.com/webpage/shamcey/js/jquery.uniform.min.js]
[demo.themepixels.com/webpage/shamcey/js/flot/jquery.flot.min.js]
[demo.themepixels.com/webpage/shamcey/js/flot/jquery.flot.resize.min.js]
[demo.themepixels.com/webpage/shamcey/js/responsive-tables.js]
[demo.themepixels.com/webpage/shamcey/js/jquery.slimscroll.js]
[demo.themepixels.com/webpage/shamcey/js/custom.js]
[demo.themepixels.com/webpage/shamcey/images/logo.png]
[demo.themepixels.com/webpage/shamcey/messages.html]
[demo.themepixels.com/webpage/shamcey/images/photos/thumb1.png]
[demo.themepixels.com/webpage/shamcey/images/photos/thumb2.png]
[demo.themepixels.com/webpage/shamcey/images/photos/thumb3.png]
[demo.themepixels.com/webpage/shamcey/images/photos/thumb4.png]
[demo.themepixels.com/webpage/shamcey/images/photos/thumb5.png]
[demo.themepixels.com/webpage/shamcey/charts.html]
[demo.themepixels.com/webpage/shamcey/index.html]
[demo.themepixels.com/webpage/shamcey/buttons.html]
[demo.themepixels.com/webpage/shamcey/forms.html]
[demo.themepixels.com/webpage/shamcey/wizards.html]
[demo.themepixels.com/webpage/shamcey/wysiwyg.html]
[demo.themepixels.com/webpage/shamcey/registration.html]
[demo.themepixels.com/webpage/shamcey/elements.html]
[demo.themepixels.com/webpage/shamcey/bootstrap.html]
[demo.themepixels.com/webpage/shamcey/boxes.html]
[demo.themepixels.com/webpage/shamcey/table-static.html]
[demo.themepixels.com/webpage/shamcey/table-dynamic.html]
[demo.themepixels.com/webpage/shamcey/media.html]
[demo.themepixels.com/webpage/shamcey/typography.html]
[demo.themepixels.com/webpage/shamcey/chat.html]
[demo.themepixels.com/webpage/shamcey/calendar.html]
[demo.themepixels.com/webpage/shamcey/404.html]
[demo.themepixels.com/webpage/shamcey/invoice.html]
[demo.themepixels.com/webpage/shamcey/discussion.html]
[demo.themepixels.com/webpage/shamcey/topic.html]
[demo.themepixels.com/webpage/shamcey/blog.html]
[demo.themepixels.com/webpage/shamcey/blank.html]
[demo.themepixels.com/webpage/shamcey/timeline.html]
[demo.themepixels.com/webpage/shamcey/people.html]
[demo.themepixels.com/webpage/shamcey/lockscreen.html]
[demo.themepixels.com/webpage/shamcey/images/photos/thumb10.png]
[demo.themepixels.com/webpage/shamcey/dashboard.html]
[demo.themepixels.com/webpage/shamcey/css/animate.delay.css]
[demo.themepixels.com/webpage/shamcey/css/isotope.css]
[demo.themepixels.com/webpage/shamcey/css/colorpicker.css]
[demo.themepixels.com/webpage/shamcey/css/jquery.alerts.css]
[demo.themepixels.com/webpage/shamcey/css/ui.spinner.css]
[demo.themepixels.com/webpage/shamcey/css/jquery.chosen.css]
[demo.themepixels.com/webpage/shamcey/css/fullcalendar.css]
[demo.themepixels.com/webpage/shamcey/css/font-awesome.min.css]
[demo.themepixels.com/webpage/shamcey/images/bg1.png]
[demo.themepixels.com/webpage/shamcey/images/leftpanelbg.png]
[demo.themepixels.com/webpage/shamcey/images/icons/message.png]
[demo.themepixels.com/webpage/shamcey/images/icons/users.png]
[demo.themepixels.com/webpage/shamcey/images/icons/bar.png]
[demo.themepixels.com/webpage/shamcey/images/droparrow.png]
[demo.themepixels.com/webpage/shamcey/images/menuarrow.png]
[demo.themepixels.com/webpage/shamcey/images/bcarrow.png]
[demo.themepixels.com/webpage/shamcey/images/icons/search.png]
[demo.themepixels.com/webpage/shamcey/images/icons/icon-event.png]
[demo.themepixels.com/webpage/shamcey/images/icons/icon-cart.png]
[demo.themepixels.com/webpage/shamcey/images/icons/icon-archive.png]
[demo.themepixels.com/webpage/shamcey/images/icons/icon-help.png]
[demo.themepixels.com/webpage/shamcey/images/icons/icon-images.png]
[demo.themepixels.com/webpage/shamcey/images/iconsweets-icons.png]
[demo.themepixels.com/webpage/shamcey/images/iconsweets-icons-white.png]
[demo.themepixels.com/webpage/shamcey/images/prev.png]
[demo.themepixels.com/webpage/shamcey/images/next.png]
[demo.themepixels.com/webpage/shamcey/images/check.png]
[demo.themepixels.com/webpage/shamcey/images/check2.png]
[demo.themepixels.com/webpage/shamcey/images/chat.png]
[demo.themepixels.com/webpage/shamcey/images/on.png]
[demo.themepixels.com/webpage/shamcey/images/blockquote.png]
[demo.themepixels.com/webpage/shamcey/images/transwhite.png]
[demo.themepixels.com/webpage/shamcey/images/transwhite2.png]
[demo.themepixels.com/webpage/shamcey/images/barmenu.png]
[demo.themepixels.com/webpage/shamcey/images/chatimg.png]
[demo.themepixels.com/webpage/shamcey/css/style.default.css]
[demo.themepixels.com/webpage/shamcey/css/responsive-tables.css]
[demo.themepixels.com/webpage/shamcey/images/photos/thumb6.png]
[demo.themepixels.com/webpage/shamcey/images/photos/thumb7.png]
[demo.themepixels.com/webpage/shamcey/messages.html]
[demo.themepixels.com/webpage/shamcey/js/flot/jquery.flot.pie.min.js]
[demo.themepixels.com/webpage/shamcey/js/flot/jquery.flot.symbol.min.js]
[demo.themepixels.com/webpage/shamcey/js/flot/jquery.flot.fillbetween.min.js]
[demo.themepixels.com/webpage/shamcey/js/flot/jquery.flot.crosshair.min.js]
[demo.themepixels.com/webpage/shamcey/js/flot/jquery.flot.stack.min.js]
[demo.themepixels.com/webpage/shamcey/js/charts.js]
[demo.themepixels.com/webpage/shamcey/charts.html]
[demo.themepixels.com/webpage/shamcey/images/profilethumb.png]
[demo.themepixels.com/webpage/shamcey/editprofile.html]
[demo.themepixels.com/webpage/shamcey/index.html]
[demo.themepixels.com/webpage/shamcey/buttons.html]
[demo.themepixels.com/webpage/shamcey/css/bootstrap-fileupload.min.css]
[demo.themepixels.com/webpage/shamcey/css/bootstrap-timepicker.min.css]
[demo.themepixels.com/webpage/shamcey/js/bootstrap-fileupload.min.js]
[demo.themepixels.com/webpage/shamcey/js/bootstrap-timepicker.min.js]
[demo.themepixels.com/webpage/shamcey/js/jquery.validate.min.js]
[demo.themepixels.com/webpage/shamcey/js/jquery.tagsinput.min.js]
[demo.themepixels.com/webpage/shamcey/js/jquery.autogrow-textarea.js]
[demo.themepixels.com/webpage/shamcey/js/charCount.js]
[demo.themepixels.com/webpage/shamcey/js/colorpicker.js]
[demo.themepixels.com/webpage/shamcey/js/ui.spinner.min.js]
[demo.themepixels.com/webpage/shamcey/js/chosen.jquery.min.js]
[demo.themepixels.com/webpage/shamcey/js/forms.js]
[demo.themepixels.com/webpage/shamcey/forms.html]
[demo.themepixels.com/webpage/shamcey/js/jquery.smartWizard.min.js]
[demo.themepixels.com/webpage/shamcey/wizards.html]
[demo.themepixels.com/webpage/shamcey/js/tinymce/jquery.tinymce.js]
[demo.themepixels.com/webpage/shamcey/js/wysiwyg.js]
[demo.themepixels.com/webpage/shamcey/wysiwyg.html]
[demo.themepixels.com/webpage/shamcey/registration.html]
[demo.themepixels.com/webpage/shamcey/prettify/prettify.css]
[demo.themepixels.com/webpage/shamcey/prettify/prettify.js]
[demo.themepixels.com/webpage/shamcey/js/jquery.jgrowl.js]
[demo.themepixels.com/webpage/shamcey/js/jquery.alerts.js]
[demo.themepixels.com/webpage/shamcey/js/elements.js]
[demo.themepixels.com/webpage/shamcey/images/loaders/loader1.gif]
[demo.themepixels.com/webpage/shamcey/images/loaders/loader2.gif]
[demo.themepixels.com/webpage/shamcey/images/loaders/loader3.gif]
[demo.themepixels.com/webpage/shamcey/images/loaders/loader4.gif]
[demo.themepixels.com/webpage/shamcey/images/loaders/loader8.gif]
[demo.themepixels.com/webpage/shamcey/images/loaders/loader9.gif]
[demo.themepixels.com/webpage/shamcey/images/loaders/loader5.gif]
[demo.themepixels.com/webpage/shamcey/images/loaders/loader6.gif]
[demo.themepixels.com/webpage/shamcey/images/loaders/loader7.gif]
[demo.themepixels.com/webpage/shamcey/images/loaders/loader10.gif]
[demo.themepixels.com/webpage/shamcey/images/loaders/loader11.gif]
[demo.themepixels.com/webpage/shamcey/images/loaders/loader12.gif]
[demo.themepixels.com/webpage/shamcey/images/loaders/loader13.gif]
[demo.themepixels.com/webpage/shamcey/images/loaders/loader14.gif]
[demo.themepixels.com/webpage/shamcey/images/loaders/loader15.gif]
[demo.themepixels.com/webpage/shamcey/images/loaders/loader16.gif]
[demo.themepixels.com/webpage/shamcey/images/loaders/loader17.gif]
[demo.themepixels.com/webpage/shamcey/images/loaders/loader18.gif]
[demo.themepixels.com/webpage/shamcey/images/loaders/loader19.gif]
[demo.themepixels.com/webpage/shamcey/images/loaders/loader20.gif]
[demo.themepixels.com/webpage/shamcey/images/loaders/loader21.gif]
[demo.themepixels.com/webpage/shamcey/images/loaders/loader22.gif]
[demo.themepixels.com/webpage/shamcey/images/loaders/loader23.gif]
[demo.themepixels.com/webpage/shamcey/images/loaders/loader24.gif]
[demo.themepixels.com/webpage/shamcey/images/loaders/loader25.gif]
[demo.themepixels.com/webpage/shamcey/images/loaders/loader26.gif]
[demo.themepixels.com/webpage/shamcey/images/loaders/loader27.gif]
[demo.themepixels.com/webpage/shamcey/images/loaders/loader28.gif]
[demo.themepixels.com/webpage/shamcey/images/loaders/loader29.gif]
[demo.themepixels.com/webpage/shamcey/images/loaders/loader30.gif]
[demo.themepixels.com/webpage/shamcey/elements.html]
[demo.themepixels.com/webpage/shamcey/bootstrap.html]
[demo.themepixels.com/webpage/shamcey/js/jquery.bxSlider.min.js]
[demo.themepixels.com/webpage/shamcey/images/thumbs/image1.png]
[demo.themepixels.com/webpage/shamcey/images/thumbs/image2.png]
[demo.themepixels.com/webpage/shamcey/images/thumbs/image3.png]
[demo.themepixels.com/webpage/shamcey/images/thumbs/image4.png]
[demo.themepixels.com/webpage/shamcey/boxes.html]
[demo.themepixels.com/webpage/shamcey/table-static.html]
[demo.themepixels.com/webpage/shamcey/js/jquery.dataTables.min.js]
[demo.themepixels.com/webpage/shamcey/table-dynamic.html]
[demo.themepixels.com/webpage/shamcey/js/jquery.isotope.min.js]
[demo.themepixels.com/webpage/shamcey/js/jquery.colorbox-min.js]
[demo.themepixels.com/webpage/shamcey/ajax/image.html]
[demo.themepixels.com/webpage/shamcey/ajax/doc.html]
[demo.themepixels.com/webpage/shamcey/images/thumbs/doc.png]
[demo.themepixels.com/webpage/shamcey/ajax/video.html]
[demo.themepixels.com/webpage/shamcey/images/thumbs/video.png]
[demo.themepixels.com/webpage/shamcey/ajax/audio.html]
[demo.themepixels.com/webpage/shamcey/images/thumbs/audio.png]
[demo.themepixels.com/webpage/shamcey/images/thumbs/image5.png]
[demo.themepixels.com/webpage/shamcey/images/thumbs/image6.png]
[demo.themepixels.com/webpage/shamcey/media.html]
[demo.themepixels.com/webpage/shamcey/typography.html]
[demo.themepixels.com/webpage/shamcey/js/chat.js]
[demo.themepixels.com/webpage/shamcey/images/chatthumb.png]
[demo.themepixels.com/webpage/shamcey/chat.html]
[demo.themepixels.com/webpage/shamcey/js/fullcalendar.min.js]
[demo.themepixels.com/webpage/shamcey/calendar.html]
[demo.themepixels.com/webpage/shamcey/404.html]
[demo.themepixels.com/webpage/shamcey/images/comlogo.png]
[demo.themepixels.com/webpage/shamcey/invoice.html]
[demo.themepixels.com/webpage/shamcey/discussion.html]
[demo.themepixels.com/webpage/shamcey/topic.html]
[demo.themepixels.com/webpage/shamcey/images/blog.png]
[demo.themepixels.com/webpage/shamcey/blog.html]
[demo.themepixels.com/webpage/shamcey/blank.html]
[demo.themepixels.com/webpage/shamcey/images/image.png]
[demo.themepixels.com/webpage/shamcey/timeline.html]
[demo.themepixels.com/webpage/shamcey/images/photos/nothumb.png]
[demo.themepixels.com/webpage/shamcey/images/photos/thumb8.png]
[demo.themepixels.com/webpage/shamcey/people.html]
[demo.themepixels.com/webpage/shamcey/lockscreen.html]
[demo.themepixels.com/webpage/shamcey/images/glyphicons-halflings.png]
[demo.themepixels.com/webpage/shamcey/images/glyphicons-halflings-white.png]
[demo.themepixels.com/webpage/shamcey/css/bootstrap.min.css]
[demo.themepixels.com/webpage/shamcey/css/bootstrap-responsive.min.css]
[demo.themepixels.com/webpage/shamcey/images/calarrow.png]
[demo.themepixels.com/webpage/shamcey/images/sliderhor.png]
[demo.themepixels.com/webpage/shamcey/images/sliderver.png]
[demo.themepixels.com/webpage/shamcey/images/close.png]
[demo.themepixels.com/webpage/shamcey/css/jquery.ui.css]
[demo.themepixels.com/webpage/shamcey/css/animate.min.css]
[demo.themepixels.com/webpage/shamcey/css/animate.delay.css]
[demo.themepixels.com/webpage/shamcey/css/isotope.css]
[demo.themepixels.com/webpage/shamcey/images/overlay.png]
[demo.themepixels.com/webpage/shamcey/images/controls.png]
[demo.themepixels.com/webpage/shamcey/images/border.png]
[demo.themepixels.com/webpage/shamcey/images/loading_background.png]
[demo.themepixels.com/webpage/shamcey/images/loading.gif]
[demo.themepixels.com/webpage/shamcey/css/colorbox.css]
[demo.themepixels.com/webpage/shamcey/images/uniform/sprite.png]
[demo.themepixels.com/webpage/shamcey/images/uniform/bg-input-focus.png]
[demo.themepixels.com/webpage/shamcey/images/uniform/bg-input.png]
[demo.themepixels.com/webpage/shamcey/css/uniform.tp.css]
[demo.themepixels.com/webpage/shamcey/images/colorpicker/colorpicker_background.png]
[demo.themepixels.com/webpage/shamcey/images/colorpicker/colorpicker_overlay.png]
[demo.themepixels.com/webpage/shamcey/images/colorpicker/colorpicker_select.gif]
[demo.themepixels.com/webpage/shamcey/images/colorpicker/colorpicker_indic.gif]
[demo.themepixels.com/webpage/shamcey/images/colorpicker/colorpicker_hex.png]
[demo.themepixels.com/webpage/shamcey/images/colorpicker/colorpicker_rgb_r.png]
[demo.themepixels.com/webpage/shamcey/images/colorpicker/colorpicker_rgb_g.png]
[demo.themepixels.com/webpage/shamcey/images/colorpicker/colorpicker_rgb_b.png]
[demo.themepixels.com/webpage/shamcey/images/colorpicker/colorpicker_hsb_h.png]
[demo.themepixels.com/webpage/shamcey/images/colorpicker/colorpicker_hsb_s.png]
[demo.themepixels.com/webpage/shamcey/images/colorpicker/colorpicker_hsb_b.png]
[demo.themepixels.com/webpage/shamcey/images/colorpicker/colorpicker_submit.png]
[demo.themepixels.com/webpage/shamcey/images/colorpicker/select2.png]
[demo.themepixels.com/webpage/shamcey/css/colorpicker.css]
[demo.themepixels.com/webpage/shamcey/css/jquery.jgrowl.css]
[demo.themepixels.com/webpage/shamcey/css/jquery.alerts.css]
[demo.themepixels.com/webpage/shamcey/css/jquery.tagsinput.css]
[demo.themepixels.com/webpage/shamcey/images/spinner.png]
[demo.themepixels.com/webpage/shamcey/css/ui.spinner.css]
[demo.themepixels.com/webpage/shamcey/images/chosen-sprite.png]
[demo.themepixels.com/webpage/shamcey/css/jquery.chosen.css]
[demo.themepixels.com/webpage/shamcey/css/fullcalendar.css]
[demo.themepixels.com/webpage/shamcey/fonts/roboto/Roboto-Regular-webfont.eot]
[demo.themepixels.com/webpage/shamcey/fonts/roboto/Roboto-Regular-webfont.woff]
[demo.themepixels.com/webpage/shamcey/fonts/roboto/Roboto-Regular-webfontd41d.eot]
[demo.themepixels.com/webpage/shamcey/fonts/roboto/Roboto-Regular-webfont.ttf]
[demo.themepixels.com/webpage/shamcey/fonts/roboto/Roboto-Italic-webfont.eot]
[demo.themepixels.com/webpage/shamcey/fonts/roboto/Roboto-Italic-webfont.woff]
[demo.themepixels.com/webpage/shamcey/fonts/roboto/Roboto-Italic-webfontd41d.eot]
[demo.themepixels.com/webpage/shamcey/fonts/roboto/Roboto-Italic-webfont.ttf]
[demo.themepixels.com/webpage/shamcey/fonts/roboto/Roboto-Bold-webfont.eot]
[demo.themepixels.com/webpage/shamcey/fonts/roboto/Roboto-Bold-webfont.woff]
[demo.themepixels.com/webpage/shamcey/fonts/roboto/Roboto-Bold-webfont.ttf]
[demo.themepixels.com/webpage/shamcey/fonts/roboto/Roboto-Bold-webfontd41d.eot]
[demo.themepixels.com/webpage/shamcey/fonts/roboto/Roboto-BoldItalic-webfont.eot]
[demo.themepixels.com/webpage/shamcey/fonts/roboto/Roboto-BoldItalic-webfontd41d.eot]
[demo.themepixels.com/webpage/shamcey/fonts/roboto/Roboto-BoldItalic-webfont.woff]
[demo.themepixels.com/webpage/shamcey/fonts/roboto/Roboto-BoldItalic-webfont.ttf]
[demo.themepixels.com/webpage/shamcey/fonts/roboto/Roboto-Condensed-webfont.eot]
[demo.themepixels.com/webpage/shamcey/fonts/roboto/Roboto-Condensed-webfontd41d.eot]
[demo.themepixels.com/webpage/shamcey/fonts/roboto/Roboto-Condensed-webfont.woff]
[demo.themepixels.com/webpage/shamcey/fonts/roboto/Roboto-Condensed-webfont.ttf]
[demo.themepixels.com/webpage/shamcey/fonts/roboto/Roboto-CondensedItalic-webfont.eot]
[demo.themepixels.com/webpage/shamcey/fonts/roboto/Roboto-CondensedItalic-webfontd41d.eot]
[demo.themepixels.com/webpage/shamcey/fonts/roboto/Roboto-CondensedItalic-webfont.woff]
[demo.themepixels.com/webpage/shamcey/fonts/roboto/Roboto-CondensedItalic-webfont.ttf]
[demo.themepixels.com/webpage/shamcey/fonts/roboto/Roboto-BoldCondensed-webfont.eot]
[demo.themepixels.com/webpage/shamcey/fonts/roboto/Roboto-BoldCondensed-webfont.woff]
[demo.themepixels.com/webpage/shamcey/fonts/roboto/Roboto-BoldCondensed-webfontd41d.eot]
[demo.themepixels.com/webpage/shamcey/fonts/roboto/Roboto-BoldCondensed-webfont.ttf]
[demo.themepixels.com/webpage/shamcey/fonts/roboto/Roboto-BoldCondensedItalic-webfont.eot]
[demo.themepixels.com/webpage/shamcey/fonts/roboto/Roboto-BoldCondensedItalic-webfont.woff]
[demo.themepixels.com/webpage/shamcey/fonts/roboto/Roboto-BoldCondensedItalic-webfontd41d.eot]
[demo.themepixels.com/webpage/shamcey/fonts/roboto/Roboto-BoldCondensedItalic-webfont.ttf]
[demo.themepixels.com/webpage/shamcey/fonts/roboto/Roboto-Thin-webfont.eot]
[demo.themepixels.com/webpage/shamcey/fonts/roboto/Roboto-Thin-webfont.woff]
[demo.themepixels.com/webpage/shamcey/fonts/roboto/Roboto-Thin-webfont.ttf]
[demo.themepixels.com/webpage/shamcey/fonts/roboto/Roboto-Thin-webfontd41d.eot]
[demo.themepixels.com/webpage/shamcey/fonts/roboto/Roboto-ThinItalic-webfont.eot]
[demo.themepixels.com/webpage/shamcey/fonts/roboto/Roboto-ThinItalic-webfont.woff]
[demo.themepixels.com/webpage/shamcey/fonts/roboto/Roboto-ThinItalic-webfont.ttf]
[demo.themepixels.com/webpage/shamcey/fonts/roboto/Roboto-ThinItalic-webfontd41d.eot]
[demo.themepixels.com/webpage/shamcey/fonts/roboto/Roboto-Light-webfont.eot]
[demo.themepixels.com/webpage/shamcey/fonts/roboto/Roboto-Light-webfont.woff]
[demo.themepixels.com/webpage/shamcey/fonts/roboto/Roboto-Light-webfontd41d.eot]
[demo.themepixels.com/webpage/shamcey/fonts/roboto/Roboto-Light-webfont.ttf]
[demo.themepixels.com/webpage/shamcey/fonts/roboto/Roboto-LightItalic-webfont.eot]
[demo.themepixels.com/webpage/shamcey/fonts/roboto/Roboto-LightItalic-webfont.ttf]
[demo.themepixels.com/webpage/shamcey/fonts/roboto/Roboto-LightItalic-webfontd41d.eot]
[demo.themepixels.com/webpage/shamcey/fonts/roboto/Roboto-Medium-webfont.eot]
[demo.themepixels.com/webpage/shamcey/fonts/roboto/Roboto-Medium-webfont.woff]
[demo.themepixels.com/webpage/shamcey/fonts/roboto/Roboto-Medium-webfont.ttf]
[demo.themepixels.com/webpage/shamcey/fonts/roboto/Roboto-Medium-webfontd41d.eot]
[demo.themepixels.com/webpage/shamcey/fonts/roboto/Roboto-MediumItalic-webfont.eot]
[demo.themepixels.com/webpage/shamcey/fonts/roboto/Roboto-MediumItalic-webfont.woff]
[demo.themepixels.com/webpage/shamcey/fonts/roboto/Roboto-MediumItalic-webfontd41d.eot]
[demo.themepixels.com/webpage/shamcey/fonts/roboto/Roboto-MediumItalic-webfont.ttf]
[demo.themepixels.com/webpage/shamcey/fonts/roboto/Roboto-Black-webfont.eot]
[demo.themepixels.com/webpage/shamcey/fonts/roboto/Roboto-Black-webfont.woff]
[demo.themepixels.com/webpage/shamcey/fonts/roboto/Roboto-Black-webfontd41d.eot]
[demo.themepixels.com/webpage/shamcey/fonts/roboto/Roboto-Black-webfont.ttf]
[demo.themepixels.com/webpage/shamcey/fonts/roboto/Roboto-BlackItalic-webfont.eot]
[demo.themepixels.com/webpage/shamcey/fonts/roboto/Roboto-BlackItalic-webfontd41d.eot]
[demo.themepixels.com/webpage/shamcey/fonts/roboto/Roboto-BlackItalic-webfont.woff]
[demo.themepixels.com/webpage/shamcey/fonts/roboto/Roboto-BlackItalic-webfont.ttf]
[demo.themepixels.com/webpage/shamcey/css/roboto.css]
[demo.themepixels.com/webpage/shamcey/fonts/lato/Lato-BlaIta-webfont.eot]
[demo.themepixels.com/webpage/shamcey/fonts/lato/Lato-BlaIta-webfont.woff]
[demo.themepixels.com/webpage/shamcey/fonts/lato/Lato-BlaIta-webfontd41d.eot]
[demo.themepixels.com/webpage/shamcey/fonts/lato/Lato-BlaIta-webfont.ttf]
[demo.themepixels.com/webpage/shamcey/fonts/lato/Lato-Bla-webfont.eot]
[demo.themepixels.com/webpage/shamcey/fonts/lato/Lato-Bla-webfont.woff]
[demo.themepixels.com/webpage/shamcey/fonts/lato/Lato-Bla-webfontd41d.eot]
[demo.themepixels.com/webpage/shamcey/fonts/lato/Lato-Bla-webfont.ttf]
[demo.themepixels.com/webpage/shamcey/fonts/lato/Lato-BolIta-webfont.eot]
[demo.themepixels.com/webpage/shamcey/fonts/lato/Lato-BolIta-webfont.woff]
[demo.themepixels.com/webpage/shamcey/fonts/lato/Lato-BolIta-webfontd41d.eot]
[demo.themepixels.com/webpage/shamcey/fonts/lato/Lato-BolIta-webfont.ttf]
[demo.themepixels.com/webpage/shamcey/fonts/lato/Lato-Bol-webfont.eot]
[demo.themepixels.com/webpage/shamcey/fonts/lato/Lato-Bol-webfont.woff]
[demo.themepixels.com/webpage/shamcey/fonts/lato/Lato-Bol-webfontd41d.eot]
[demo.themepixels.com/webpage/shamcey/fonts/lato/Lato-Bol-webfont.ttf]
[demo.themepixels.com/webpage/shamcey/fonts/lato/Lato-RegIta-webfont.eot]
[demo.themepixels.com/webpage/shamcey/fonts/lato/Lato-RegIta-webfontd41d.eot]
[demo.themepixels.com/webpage/shamcey/fonts/lato/Lato-RegIta-webfont.woff]
[demo.themepixels.com/webpage/shamcey/fonts/lato/Lato-RegIta-webfont.ttf]
[demo.themepixels.com/webpage/shamcey/fonts/lato/Lato-Reg-webfont.eot]
[demo.themepixels.com/webpage/shamcey/fonts/lato/Lato-Reg-webfontd41d.eot]
[demo.themepixels.com/webpage/shamcey/fonts/lato/Lato-Reg-webfont.woff]
[demo.themepixels.com/webpage/shamcey/fonts/lato/Lato-Reg-webfont.ttf]
[demo.themepixels.com/webpage/shamcey/fonts/lato/Lato-LigIta-webfont.eot]
[demo.themepixels.com/webpage/shamcey/fonts/lato/Lato-LigIta-webfontd41d.eot]
[demo.themepixels.com/webpage/shamcey/fonts/lato/Lato-LigIta-webfont.woff]
[demo.themepixels.com/webpage/shamcey/fonts/lato/Lato-LigIta-webfont.ttf]
[demo.themepixels.com/webpage/shamcey/fonts/lato/Lato-Lig-webfont.eot]
[demo.themepixels.com/webpage/shamcey/fonts/lato/Lato-Lig-webfont.woff]
[demo.themepixels.com/webpage/shamcey/fonts/lato/Lato-Lig-webfontd41d.eot]
[demo.themepixels.com/webpage/shamcey/fonts/lato/Lato-Lig-webfont.ttf]
[demo.themepixels.com/webpage/shamcey/fonts/lato/Lato-HaiIta-webfont.eot]
[demo.themepixels.com/webpage/shamcey/fonts/lato/Lato-HaiIta-webfont.woff]
[demo.themepixels.com/webpage/shamcey/fonts/lato/Lato-HaiIta-webfontd41d.eot]
[demo.themepixels.com/webpage/shamcey/fonts/lato/Lato-HaiIta-webfont.ttf]
[demo.themepixels.com/webpage/shamcey/fonts/lato/Lato-Hai-webfont.eot]
[demo.themepixels.com/webpage/shamcey/fonts/lato/Lato-Hai-webfontd41d.eot]
[demo.themepixels.com/webpage/shamcey/fonts/lato/Lato-Hai-webfont.woff]
[demo.themepixels.com/webpage/shamcey/fonts/lato/Lato-Hai-webfont.ttf]
[demo.themepixels.com/webpage/shamcey/css/lato.css]
[demo.themepixels.com/webpage/shamcey/fonts/fontawesome/fontawesome-webfonte63c.eot]
[demo.themepixels.com/webpage/shamcey/fonts/fontawesome/fontawesome-webfontd41d.eot]
[demo.themepixels.com/webpage/shamcey/fonts/fontawesome/fontawesome-webfonte63c.woff]
[demo.themepixels.com/webpage/shamcey/fonts/fontawesome/fontawesome-webfonte63c.ttf]
[demo.themepixels.com/webpage/shamcey/css/font-awesome.min.css]
[demo.themepixels.com/webpage/shamcey/css/bootstrap-fileupload.min.css]
[demo.themepixels.com/webpage/shamcey/css/bootstrap-timepicker.min.css]
[demo.themepixels.com/webpage/shamcey/prettify/prettify.css]
[demo.themepixels.com/webpage/shamcey/ajax/image.html]
[demo.themepixels.com/webpage/shamcey/ajax/doc.html]
[demo.themepixels.com/webpage/shamcey/ajax/video.html]
[demo.themepixels.com/webpage/shamcey/ajax/audio.html]
[demo.themepixels.com/webpage/shamcey/fonts/roboto/Roboto-Regular-webfont.svg]
[demo.themepixels.com/webpage/shamcey/fonts/roboto/Roboto-Italic-webfont.svg]
[demo.themepixels.com/webpage/shamcey/fonts/roboto/Roboto-Bold-webfont.svg]
[demo.themepixels.com/webpage/shamcey/fonts/roboto/Roboto-BoldItalic-webfont.svg]
[demo.themepixels.com/webpage/shamcey/fonts/roboto/Roboto-Condensed-webfont.svg]
[demo.themepixels.com/webpage/shamcey/fonts/roboto/Roboto-CondensedItalic-webfont.svg]
[demo.themepixels.com/webpage/shamcey/fonts/roboto/Roboto-BoldCondensed-webfont.svg]
[demo.themepixels.com/webpage/shamcey/fonts/roboto/Roboto-BoldCondensedItalic-webfont.svg]
[demo.themepixels.com/webpage/shamcey/fonts/roboto/Roboto-Thin-webfont.svg]
[demo.themepixels.com/webpage/shamcey/fonts/roboto/Roboto-ThinItalic-webfont.svg]
[demo.themepixels.com/webpage/shamcey/fonts/roboto/Roboto-Light-webfont.svg]
[demo.themepixels.com/webpage/shamcey/fonts/roboto/Roboto-LightItalic-webfont.svg]
[demo.themepixels.com/webpage/shamcey/fonts/roboto/Roboto-LightItalic-webfont.woff]
[demo.themepixels.com/webpage/shamcey/fonts/roboto/Roboto-Medium-webfont.svg]
[demo.themepixels.com/webpage/shamcey/fonts/roboto/Roboto-MediumItalic-webfont.svg]
[demo.themepixels.com/webpage/shamcey/fonts/roboto/Roboto-Black-webfont.svg]
[demo.themepixels.com/webpage/shamcey/fonts/roboto/Roboto-BlackItalic-webfont.svg]
[demo.themepixels.com/webpage/shamcey/fonts/lato/Lato-BlaIta-webfont.svg]
[demo.themepixels.com/webpage/shamcey/fonts/lato/Lato-Bla-webfont.svg]
[demo.themepixels.com/webpage/shamcey/fonts/lato/Lato-BolIta-webfont.svg]
[demo.themepixels.com/webpage/shamcey/fonts/lato/Lato-Bol-webfont.svg]
[demo.themepixels.com/webpage/shamcey/fonts/lato/Lato-RegIta-webfont.svg]
[demo.themepixels.com/webpage/shamcey/fonts/lato/Lato-Reg-webfont.svg]
[demo.themepixels.com/webpage/shamcey/fonts/lato/Lato-LigIta-webfont.svg]
[demo.themepixels.com/webpage/shamcey/fonts/lato/Lato-Lig-webfont.svg]
[demo.themepixels.com/webpage/shamcey/fonts/lato/Lato-HaiIta-webfont.svg]
[demo.themepixels.com/webpage/shamcey/fonts/lato/Lato-Hai-webfont.svg]
[demo.themepixels.com/webpage/shamcey/fonts/fontawesome/fontawesome-webfont.svg]
[demo.themepixels.com/webpage/shamcey/default.html]
[demo.themepixels.com/webpage/shamcey/navyblue.html]
[demo.themepixels.com/webpage/shamcey/palegreen.html]
[demo.themepixels.com/webpage/shamcey/red.html]
[demo.themepixels.com/webpage/shamcey/green.html]
[demo.themepixels.com/webpage/shamcey/brown.html]
[demo.themepixels.com/webpage/shamcey/img/steps.html]
[demo.themepixels.com/webpage/shamcey/images/online.html]
[demo.themepixels.com/webpage/shamcey/css/style.shinyblue.html]
[demo.themepixels.com/webpage/shamcey/all.html]
[demo.themepixels.com/webpage/shamcey/image.html]
[demo.themepixels.com/webpage/shamcey/video.html]
[demo.themepixels.com/webpage/shamcey/audio.html]
[demo.themepixels.com/webpage/shamcey/doc.html]
[demo.themepixels.com/webpage/shamcey/widgetsource.html]
[demo.themepixels.com/webpage/shamcey/ajax/images/photos/1.html]
[demo.themepixels.com/webpage/shamcey/ajax/Girl1.html]
[demo.themepixels.com/webpage/shamcey/ajax/Tutorial1.html]
[demo.themepixels.com/webpage/shamcey/ajax/images/photos/video.html]
[demo.themepixels.com/webpage/shamcey/ajax/Movie1.html]
[demo.themepixels.com/webpage/shamcey/ajax/images/photos/audio.html]
